// Jest Snapshot v1, https://goo.gl/fbAQLP

exports[`Content should render form 1`] = `
<div>
  <section
    class="form__content"
  >
    <h1
      class="title"
    >
      Form
    </h1>
    <form
      class="form__container"
    >
      <label
        class="label"
      >
        <div
          class="input__title"
        >
          Name
        </div>
        <input
          class="text__input"
          name="name"
          placeholder="Type your name"
          type="text"
        />
      </label>
      <div
        class="error__message"
      />
      <label
        class="label"
      >
        <div
          class="input__title"
        >
          Last name
        </div>
        <input
          class="text__input"
          name="lastName"
          placeholder="Type your last name"
          type="text"
        />
      </label>
      <div
        class="error__message"
      />
      <label
        class="label"
      >
        <div
          class="input__title"
        >
          Birth date
        </div>
        <input
          class="input__birth_date"
          name="birthDate"
          type="date"
        />
      </label>
      <div
        class="error__message"
      />
      <label
        class="label"
      >
        <div
          class="input__title"
        >
          Avatar
        </div>
        <input
          accept="image/png, image/jpeg"
          class="input__avatar"
          name="avatar"
          type="file"
        />
      </label>
      <div
        class="error__message"
      />
      <label
        class="label"
      >
        <div
          class="input__title"
        >
          Choose your country
        </div>
        <select
          class="select__country"
          name="country"
        >
          <option
            value="Belarus"
          >
            Belarus
          </option>
          <option
            value="Russia"
          >
            Russia
          </option>
          <option
            value="Ukraine"
          >
            Ukraine
          </option>
          <option
            value="USA"
          >
            USA
          </option>
        </select>
      </label>
      <div
        class="error__message"
      />
      <label
        class="label__personal_data"
      >
        <input
          class="input__switcher"
          name="personalData"
          type="checkbox"
        />
        <span
          class="switcher"
        />
        <div
          class="personal_data"
        >
          I agree that my personal data will be processed
        </div>
      </label>
      <div
        class="error__message"
      />
      <label
        class="label__notifications"
      >
        <input
          class="input__checkbox"
          name="notifications"
          type="checkbox"
        />
        <div
          class="notifications"
        >
          I agree to receive notifications
        </div>
      </label>
      <div
        class="error__message"
      />
      <div
        class="form__buttons"
      >
        <button
          class="button"
          disabled=""
          type="submit"
        >
          Submit
        </button>
        <button
          class="button"
          type="reset"
        >
          Reset
        </button>
      </div>
    </form>
  </section>
  <section
    class="form__cards"
  />
</div>
`;
